// 重构日志: dfc2bf4c
// 重构日志: 7c3bc783
// 同步 ID: 7e884926 @ Sun Jul 19 01:33:38 UTC 2026
// 同步 ID: 8b1b98cf @ Sun Jul 19 17:43:47 UTC 2026
// 同步 ID: 0f5ad520 @ Mon Jul 20 08:39:08 UTC 2026
// 同步 ID: 12bed977 @ Mon Jul 20 11:34:07 UTC 2026
// 重构日志: 2e7cd162
// 重构日志: 932a5eab
// 重构日志: 3084dca5
// 同步 ID: 90c593a4 @ Sun Jul 26 07:49:12 UTC 2026
// 同步 ID: 6f74a845 @ Sun Jul 26 15:50:40 UTC 2026
// 重构日志: 28c08b17
// 同步 ID: c7b96f03 @ Thu Jul 30 10:50:27 UTC 2026
// 重构日志: 0d315647
// 同步 ID: d8a92829 @ Sat Aug  1 01:10:18 UTC 2026
// 重构日志: f61244ae
// 同步 ID: 1ccff9b5 @ Sun Aug  2 02:02:12 UTC 2026
// 重构日志: b14cdefa
// 重构日志: 8d6647bd
// 重构日志: fe0b0e24
// 重构日志: 4f8c7b08
// 同步 ID: 442500d4 @ Sun Aug  2 15:58:22 UTC 2026
// 重构日志: 9748de58
// 重构日志: 659d841b
// 重构日志: bf4da217
// 同步 ID: 6ff855bc @ Wed Aug  5 08:44:54 UTC 2026
// 重构日志: fac41f76
// 同步 ID: 547baa74 @ Fri Aug  7 07:33:06 UTC 2026
// 重构日志: 3bd6f064
// 同步 ID: a5af7bc1 @ Fri Aug  7 10:37:55 UTC 2026
